[www.friendlymailer.com/index.html]
[cdn.shopify.com/s/files/1/0272/4593/6745/files/download_32x326234.png]
[backblue.gif]
[fade.gif]
[index.html]
[cdn.shopify.com/s/files/1/0272/4593/6745/t/14/assets/theme.scssc6df.css]
[cdn.shopify.com/s/files/1/0272/4593/6745/t/14/assets/vendor6212.js]
[cdn.shopify.com/s/files/1/0272/4593/6745/t/14/assets/jquery.lazy.min95e4.js]
[cdn.shopify.com/s/files/1/0272/4593/6745/t/14/assets/themec705.js]
[cdn.shopify.com/shopifycloud/shopify/assets/storefront/load_feature-ab38017af3cf759db0af0bbd1e75229f6a189f5bf1f2db42169630998b969021.js]
[cdn.shopify.com/shopifycloud/shopify/assets/shopify_pay/storefront-c31d2fa4962d2ef90b673e945ee33f4f87302b97d0882cd8e83a629b84b30dabb805.js]
[cdn.shopify.com/shopifycloud/shopify/assets/storefront/features-87e8399988880142f2c62771b9d8f2ff6c290b3ff745dd426eb0dfe0db9d1dae.js]
[cdn.shopify.com/extensions/928e3a46-9877-4122-96c5-d5c7113bc53c/0.79.0/assets/LivIconsEvo.bundle.js]
[www.friendlymailer.com/cart.html]
[cdn.shopify.com/extensions/928e3a46-9877-4122-96c5-d5c7113bc53c/0.79.0/assets/lazysizes.js]
[cdn.shopify.com/extensions/928e3a46-9877-4122-96c5-d5c7113bc53c/0.79.0/assets/buddha-megamenu.js]
[cdn.shopify.com/extensions/928e3a46-9877-4122-96c5-d5c7113bc53c/0.79.0/assets/buddha-megamenu2.css]
[cdn.shopify.com/extensions/928e3a46-9877-4122-96c5-d5c7113bc53c/0.79.0/assets/fontawesome.css]
[www.friendlymailer.com/POST]
[cdn.shopify.com/s/trekkie.storefront.959f71dbd7e992c48a2a5941c6de2c0cf3fc27c6.min.js]
[cdn.shopify.com/shopifycloud/shopify/assets/shop_events_listener-65cd0ba3fcd81a1df33f2510ec5bcf8c0e0958653b50e3965ec972dd638ee13f.js]
[cdn.shopify.com/shopifycloud/boomerang/shopify-boomerang-1.0.0.min.js]
[www.friendlymailer.com/collections/all.html]
[www.friendlymailer.com/collections/mailers.html]
[www.friendlymailer.com/collections/customize-it.html]
[www.friendlymailer.com/collections/sample-packs.html]
[www.friendlymailer.com/collections/clearance.html]
[www.friendlymailer.com/pages/about-1.html]
[www.friendlymailer.com/account/login4236.html]
[www.friendlymailer.com/account/register.html]
[cdn.shopify.com/s/files/1/0272/4593/6745/files/black_emboss_ff3b6f4f-d998-4f2b-9a0b-8d112c148589_150xb5b7.png]
[www.friendlymailer.com/products/custom-mailer.html]
[cdn.shopify.com/s/files/1/0272/4593/6745/files/5_2000x15e1.png]
[cdn.shopify.com/s/files/1/0272/4593/6745/files/Friendly_Mailer_Aqua_1500x79cd.jpg]
[www.friendlymailer.com/products/eco-friendly-mailer-sample-pack.html]
[cdn.shopify.com/s/files/1/0272/4593/6745/files/sample_600x10f5.jpg]
[www.friendlymailer.com/pages/f-a-q.html]
[www.friendlymailer.com/pages/contact-us.html]
[cdn.shopify.com/s/files/1/0272/4593/6745/t/14/assets/fa-all.min9c47.css]
[www.friendlymailer.com/index.html]
[www.friendlymailer.com/cart.html]
[monorail-edge.shopifysvc.com/index.html]
[www.friendlymailer.com/POST.html]
[www.friendlymailer.com/collections/all.atom]
[www.friendlymailer.com/collections/all.oembed]
[www.friendlymailer.com/collections/POST]
[www.friendlymailer.com/collections/all/products/plant-based-compostable-mailers.html]
[cdn.shopify.com/s/files/1/0272/4593/6745/products/Lying23_600x600bfa1.png]
[www.friendlymailer.com/collections/all/products/bubble-biodegradable-mailers.html]
[cdn.shopify.com/s/files/1/0272/4593/6745/products/TopFront1_600x600d141.png]
[www.friendlymailer.com/collections/all/products/eco-friendly-biodegradable-mailers-blue.html]
[cdn.shopify.com/s/files/1/0272/4593/6745/products/Lying21_600x6002669.png]
[www.friendlymailer.com/collections/all/products/eco-friendly-biodegradable-mailers-v4-white.html]
[cdn.shopify.com/s/files/1/0272/4593/6745/products/Lying22_600x600d976.png]
[www.friendlymailer.com/collections/all/products/eco-friendly-biodegradable-mailers-black.html]
[cdn.shopify.com/s/files/1/0272/4593/6745/products/Lying2_600x6009677.png]
[www.friendlymailer.com/collections/all/products/eco-friendly-mailer-sample-pack.html]
[cdn.shopify.com/s/files/1/0272/4593/6745/products/newsample_600x6006f0d.jpg]
[www.friendlymailer.com/collections/all/products/biodegradable-friendly-tape.html]
[cdn.shopify.com/s/files/1/0272/4593/6745/products/tapemockup_7e4dcea5-a834-4706-af2d-57d218582935_600x6001f65.png]
[www.friendlymailer.com/collections/all/products/custom-mailer.html]
[cdn.shopify.com/s/files/1/0272/4593/6745/products/Lying2_600x6000048.jpg]
[www.friendlymailer.com/collections/all/products/custom-stickers.html]
[cdn.shopify.com/s/files/1/0272/4593/6745/products/1_600x600988a.jpg]
[www.friendlymailer.com/collections/all.html]
[www.friendlymailer.com/collections/mailers.atom]
[www.friendlymailer.com/collections/mailers.oembed]
[www.friendlymailer.com/collections/mailers/products/plant-based-compostable-mailers.html]
[www.friendlymailer.com/collections/mailers/products/biodegradable-friendly-tape.html]
[www.friendlymailer.com/collections/mailers/products/bubble-biodegradable-mailers.html]
[www.friendlymailer.com/collections/mailers/products/eco-friendly-biodegradable-mailers-v4-white.html]
[www.friendlymailer.com/collections/mailers/products/eco-friendly-biodegradable-mailers-black.html]
[www.friendlymailer.com/collections/mailers/products/eco-friendly-biodegradable-mailers-blue.html]
[www.friendlymailer.com/collections/mailers.html]
[www.friendlymailer.com/collections/customize-it.atom]
[www.friendlymailer.com/collections/customize-it.oembed]
[www.friendlymailer.com/collections/customize-it/products/custom-mailer.html]
[www.friendlymailer.com/collections/customize-it/products/custom-stickers.html]
[www.friendlymailer.com/collections/customize-it.html]
[www.friendlymailer.com/collections/sample-packs.atom]
[www.friendlymailer.com/collections/sample-packs.oembed]
[www.friendlymailer.com/collections/sample-packs/products/eco-friendly-mailer-sample-pack.html]
[www.friendlymailer.com/collections/sample-packs.html]
[www.friendlymailer.com/collections/clearance.atom]
[www.friendlymailer.com/collections/clearance.oembed]
[www.friendlymailer.com/collections/clearance/products/plant-based-compostable-mailers.html]
[www.friendlymailer.com/collections/clearance.html]
[www.friendlymailer.com/pages/POST]
[www.friendlymailer.com/pages/about-1.html]
[www.friendlymailer.com/account/login.html]
[cdn.shopify.com/shopifycloud/shopify/assets/themes_support/shopify_common-8ea6ac3faf357236a97f5de749df4da6e8436ca107bc3a4ee805cbf08bc47392.js]
[www.friendlymailer.com/account/POST]
[www.friendlymailer.com/account/login4236.html]
[www.friendlymailer.com/account/register.html]
[cdn.shopify.com/s/files/1/0272/4593/6745/products/Lying2_1024x10240048.jpg]
[cdn.shopify.com/s/files/1/0272/4593/6745/products/black_1024x10240048.png]
[cdn.shopify.com/s/files/1/0272/4593/6745/products/Blue_1024x10240048.png]
[www.friendlymailer.com/products/custom-mailer.oembed]
[www.friendlymailer.com/products/POST]
[cdn.shopify.com/s/files/1/0272/4593/6745/products/Lying2_720x7200048.jpg]
[cdn.shopify.com/s/files/1/0272/4593/6745/products/black_720x7200048.png]
[cdn.shopify.com/s/files/1/0272/4593/6745/products/Blue_720x7200048.png]
[cdn.shopify.com/s/files/1/0272/4593/6745/products/white_720x7200048.png]
[cdn.shopify.com/s/files/1/0272/4593/6745/products/green_720x7200048.png]
[cdn.shopify.com/s/files/1/0272/4593/6745/products/pink_720x7200048.png]
[cdn.shopify.com/s/files/1/0272/4593/6745/products/purple_720x7200048.png]
[cdn.shopify.com/s/files/1/0272/4593/6745/products/red_720x7200048.png]
[cdn.shopify.com/s/files/1/0272/4593/6745/products/yellow_720x7200048.png]
[cdn.shopify.com/s/files/1/0272/4593/6745/products/Lying2_200x2000048.jpg]
[cdn.shopify.com/s/files/1/0272/4593/6745/products/black_200x2000048.png]
[cdn.shopify.com/s/files/1/0272/4593/6745/products/Blue_200x2000048.png]
[cdn.shopify.com/s/files/1/0272/4593/6745/products/white_200x2000048.png]
[cdn.shopify.com/s/files/1/0272/4593/6745/products/green_200x2000048.png]
[cdn.shopify.com/s/files/1/0272/4593/6745/products/pink_200x2000048.png]
[cdn.shopify.com/s/files/1/0272/4593/6745/products/purple_200x2000048.png]
[cdn.shopify.com/s/files/1/0272/4593/6745/products/red_200x2000048.png]
[cdn.shopify.com/s/files/1/0272/4593/6745/products/yellow_200x2000048.png]
[cdn1.stamped.io/files/widget.min.css]
[cdn.stamped.io/cdn/images/pixel.png]
[www.friendlymailer.com/products/custom-mailer.html]
[cdn.shopify.com/s/files/1/0272/4593/6745/products/newsample_1024x10246f0d.jpg]
[www.friendlymailer.com/products/eco-friendly-mailer-sample-pack.oembed]
[cdn.shopify.com/s/files/1/0272/4593/6745/products/newsample_720x7206f0d.jpg]
[www.friendlymailer.com/products/compostable-mailers]
[www.friendlymailer.com/products/bubble-biodegradable-mailers.html]
[www.friendlymailer.com/products/_https_/www.friendlymailer.com/products/compostable-mailers_.cc.delayed]
[www.friendlymailer.com/products/_https_/www.friendlymailer.com/products/bubble-biodegradable-mailers_]
[www.friendlymailer.com/products/_https_/www.friendlymailer.com/collections/mailers/products/plant-based-compostable-mailers_]
[cdn.stamped.io/uploads/customers/ZG5hcml2ZXJhLmFyQGdtYWlsLmNvbQ_.jpg]
[www.friendlymailer.com/products/eco-friendly-mailer-sample-pack.html]
[www.friendlymailer.com/pages/f-a-q.html]
[www.friendlymailer.com/pages/contact-us.html]
[www.friendlymailer.com/collections/POST.html]
[www.friendlymailer.com/products/plant-based-compostable-mailers.html]
[cdn.shopify.com/s/files/1/0272/4593/6745/products/Lying23_1024x1024bfa1.png]
[cdn.shopify.com/s/files/1/0272/4593/6745/products/01_1024x102416eb.png]
[cdn.shopify.com/s/files/1/0272/4593/6745/products/01close_1024x102416eb.png]
[www.friendlymailer.com/products/plant-based-compostable-mailers.oembed]
[www.friendlymailer.com/collections/all/products/POST]
[cdn.shopify.com/s/files/1/0272/4593/6745/products/Lying23_720x720bfa1.png]
[cdn.shopify.com/s/files/1/0272/4593/6745/products/01_720x72016eb.png]
[cdn.shopify.com/s/files/1/0272/4593/6745/products/01close_720x72016eb.png]
[cdn.shopify.com/s/files/1/0272/4593/6745/products/Lying23_200x200bfa1.png]
[cdn.shopify.com/s/files/1/0272/4593/6745/products/01_200x20016eb.png]
[cdn.shopify.com/s/files/1/0272/4593/6745/products/01close_200x20016eb.png]
[www.friendlymailer.com/collections/all/products/plant-based-compostable-mailers.html]
[cdn.shopify.com/s/files/1/0272/4593/6745/products/TopFront1_1024x1024d141.png]
[cdn.shopify.com/s/files/1/0272/4593/6745/products/productbreatheeasyfront_1024x1024d141.png]
[cdn.shopify.com/s/files/1/0272/4593/6745/products/productbreatheeasyback_1024x1024d141.png]
[www.friendlymailer.com/products/bubble-biodegradable-mailers.oembed]
[cdn.shopify.com/s/files/1/0272/4593/6745/products/TopFront1_720x720d141.png]
[cdn.shopify.com/s/files/1/0272/4593/6745/products/productbreatheeasyfront_720x720d141.png]
[cdn.shopify.com/s/files/1/0272/4593/6745/products/productbreatheeasyback_720x720d141.png]
[cdn.shopify.com/s/files/1/0272/4593/6745/products/TopFront1_200x200d141.png]
[cdn.shopify.com/s/files/1/0272/4593/6745/products/productbreatheeasyfront_200x200d141.png]
[cdn.shopify.com/s/files/1/0272/4593/6745/products/productbreatheeasyback_200x200d141.png]
[www.friendlymailer.com/collections/all/products/_https_/www.friendlymailer.com/collections/mailers/products/eco-friendly-biodegradable-mailers-v4-white___br__/a__/p_.10a.delayed]
[www.friendlymailer.com/collections/all/products/bubble-biodegradable-mailers.html]
[www.friendlymailer.com/products/eco-friendly-biodegradable-mailers-blue.html]
[cdn.shopify.com/s/files/1/0272/4593/6745/products/Lying21_1024x10242669.png]
[cdn.shopify.com/s/files/1/0272/4593/6745/products/image_a854e1d7-d53e-4832-84dd-72723d94f165_1024x10242669.png]
[www.friendlymailer.com/products/eco-friendly-biodegradable-mailers-blue.oembed]
[cdn.shopify.com/s/files/1/0272/4593/6745/products/Lying21_720x7202669.png]
[cdn.shopify.com/s/files/1/0272/4593/6745/products/image_a854e1d7-d53e-4832-84dd-72723d94f165_720x7202669.png]
[cdn.shopify.com/s/files/1/0272/4593/6745/products/Lying21_200x2002669.png]
[cdn.shopify.com/s/files/1/0272/4593/6745/products/image_a854e1d7-d53e-4832-84dd-72723d94f165_200x2002669.png]
[www.friendlymailer.com/collections/all/products/eco-friendly-biodegradable-mailers-blue.html]
[www.friendlymailer.com/products/eco-friendly-biodegradable-mailers-v4-white.html]
[cdn.shopify.com/s/files/1/0272/4593/6745/products/Lying22_1024x1024d976.png]
[cdn.shopify.com/s/files/1/0272/4593/6745/products/v4product_1024x1024d976.png]
[cdn.shopify.com/s/files/1/0272/4593/6745/products/breatheasyproductimg2_6ba5600a-c23c-4dda-86f5-e4d90347ba01_1024x1024d976.png]
[www.friendlymailer.com/products/eco-friendly-biodegradable-mailers-v4-white.oembed]
[cdn.shopify.com/s/files/1/0272/4593/6745/products/Lying22_720x720d976.png]
[cdn.shopify.com/s/files/1/0272/4593/6745/products/v4product_720x720d976.png]
[cdn.shopify.com/s/files/1/0272/4593/6745/products/breatheasyproductimg2_6ba5600a-c23c-4dda-86f5-e4d90347ba01_720x720d976.png]
[cdn.shopify.com/s/files/1/0272/4593/6745/products/Lying22_200x200d976.png]
[cdn.shopify.com/s/files/1/0272/4593/6745/products/v4product_200x200d976.png]
[cdn.shopify.com/s/files/1/0272/4593/6745/products/breatheasyproductimg2_6ba5600a-c23c-4dda-86f5-e4d90347ba01_200x200d976.png]
[www.friendlymailer.com/collections/all/products/eco-friendly-biodegradable-mailers-v4-white.html]
[cdn.stamped.io/uploads/customers/bG9jaGJyaWFyQGhvdG1haWwuY29t.jpg]
[www.friendlymailer.com/products/eco-friendly-biodegradable-mailers-black.html]
[cdn.shopify.com/s/files/1/0272/4593/6745/products/Lying2_1024x10249677.png]
[cdn.shopify.com/s/files/1/0272/4593/6745/products/ecopackfrontLying_1024x10249677.png]
[cdn.shopify.com/s/files/1/0272/4593/6745/products/ecopackproductback_1024x10249677.png]
[www.friendlymailer.com/products/eco-friendly-biodegradable-mailers-black.oembed]
[cdn.shopify.com/s/files/1/0272/4593/6745/products/Lying2_720x7209677.png]
[cdn.shopify.com/s/files/1/0272/4593/6745/products/ecopackfrontLying_720x7209677.png]
[cdn.shopify.com/s/files/1/0272/4593/6745/products/ecopackproductback_720x7209677.png]
[cdn.shopify.com/s/files/1/0272/4593/6745/products/Lying2_200x2009677.png]
[cdn.shopify.com/s/files/1/0272/4593/6745/products/ecopackfrontLying_200x2009677.png]
[cdn.shopify.com/s/files/1/0272/4593/6745/products/ecopackproductback_200x2009677.png]
[www.friendlymailer.com/collections/all/products/eco-friendly-biodegradable-mailers-black.html]
[www.friendlymailer.com/collections/all/products/_https_/www.friendlymailer.com/products/compostable-mailers_.156.delayed]
[www.friendlymailer.com/collections/all/products/_https_/www.friendlymailer.com/products/bubble-biodegradable-mailers_]
[www.friendlymailer.com/collections/all/products/_https_/www.friendlymailer.com/collections/mailers/products/plant-based-compostable-mailers_]
[www.friendlymailer.com/collections/all/products/eco-friendly-mailer-sample-pack.html]
[www.friendlymailer.com/products/biodegradable-friendly-tape.html]
[cdn.shopify.com/s/files/1/0272/4593/6745/products/tapemockup_7e4dcea5-a834-4706-af2d-57d218582935_1024x10241f65.png]
[www.friendlymailer.com/products/biodegradable-friendly-tape.oembed]
[cdn.shopify.com/s/files/1/0272/4593/6745/products/tapemockup_7e4dcea5-a834-4706-af2d-57d218582935_720x7201f65.png]
[www.friendlymailer.com/collections/all/products/biodegradable-friendly-tape.html]
[cdn.stamped.io/uploads/customers/am9vZGxlekBnbWFpbC5jb20_.jpg]
[www.friendlymailer.com/collections/all/products/custom-mailer.html]
[www.friendlymailer.com/products/custom-stickers.html]
[cdn.shopify.com/s/files/1/0272/4593/6745/products/1_1024x1024988a.jpg]
[www.friendlymailer.com/products/custom-stickers.oembed]
[cdn.shopify.com/s/files/1/0272/4593/6745/products/1_720x720988a.jpg]
[www.friendlymailer.com/collections/all/products/custom-stickers.html]
[www.friendlymailer.com/collections/mailers/products/POST]
[www.friendlymailer.com/collections/mailers/products/plant-based-compostable-mailers.html]
[www.friendlymailer.com/collections/mailers/products/biodegradable-friendly-tape.html]
[www.friendlymailer.com/collections/mailers/products/_https_/www.friendlymailer.com/collections/mailers/products/eco-friendly-biodegradable-mailers-v4-white___br__/a__/p_]
[www.friendlymailer.com/collections/mailers/products/bubble-biodegradable-mailers.html]
[www.friendlymailer.com/collections/mailers/products/eco-friendly-biodegradable-mailers-v4-white.html]
[www.friendlymailer.com/collections/mailers/products/eco-friendly-biodegradable-mailers-black.html]
[www.friendlymailer.com/collections/mailers/products/eco-friendly-biodegradable-mailers-blue.html]
[www.friendlymailer.com/collections/customize-it/products/POST]
[www.friendlymailer.com/collections/customize-it/products/custom-mailer.html]
[www.friendlymailer.com/collections/customize-it/products/custom-stickers.html]
[www.friendlymailer.com/collections/sample-packs/products/POST]
[www.friendlymailer.com/collections/sample-packs/products/_https_/www.friendlymailer.com/products/compostable-mailers_]
[www.friendlymailer.com/collections/sample-packs/products/_https_/www.friendlymailer.com/products/bubble-biodegradable-mailers_]
[www.friendlymailer.com/collections/sample-packs/products/_https_/www.friendlymailer.com/collections/mailers/products/plant-based-compostable-mailers_]
[www.friendlymailer.com/collections/sample-packs/products/eco-friendly-mailer-sample-pack.html]
[www.friendlymailer.com/collections/clearance/products/POST]
[www.friendlymailer.com/collections/clearance/products/plant-based-compostable-mailers.html]
[www.friendlymailer.com/pages/POST.html]
[www.friendlymailer.com/account/login.html]
[www.friendlymailer.com/account/POST.html]
[www.friendlymailer.com/products/POST.html]
[www.friendlymailer.com/products/compostable-mailers.html]
[www.friendlymailer.com/products/_https_/www.friendlymailer.com/collections/mailers/products/eco-friendly-biodegradable-mailers-v4-white___br__/a__/p_]
[www.friendlymailer.com/products/bubble-biodegradable-mailers.html]
[www.friendlymailer.com/products/_https_/www.friendlymailer.com/products/compostable-mailers_.html]
[www.friendlymailer.com/products/_https_/www.friendlymailer.com/products/bubble-biodegradable-mailers_.html]
[www.friendlymailer.com/products/_https_/www.friendlymailer.com/collections/mailers/products/plant-based-compostable-mailers_.html]
[www.friendlymailer.com/products/plant-based-compostable-mailers.html]
[www.friendlymailer.com/collections/all/products/POST.html]
[www.friendlymailer.com/collections/all/products/_https_/www.friendlymailer.com/collections/mailers/products/eco-friendly-biodegradable-mailers-v4-white___br__/a__/p_.html]
[www.friendlymailer.com/products/eco-friendly-biodegradable-mailers-blue.html]
[www.friendlymailer.com/products/eco-friendly-biodegradable-mailers-v4-white.html]
[www.friendlymailer.com/products/eco-friendly-biodegradable-mailers-black.html]
[www.friendlymailer.com/collections/all/products/_https_/www.friendlymailer.com/products/compostable-mailers_.html]
[www.friendlymailer.com/collections/all/products/_https_/www.friendlymailer.com/products/bubble-biodegradable-mailers_.html]
[www.friendlymailer.com/collections/all/products/_https_/www.friendlymailer.com/collections/mailers/products/plant-based-compostable-mailers_.html]
[www.friendlymailer.com/products/biodegradable-friendly-tape.html]
[www.friendlymailer.com/products/custom-stickers.html]
[www.friendlymailer.com/collections/mailers/products/POST.html]
[www.friendlymailer.com/collections/mailers/products/_https_/www.friendlymailer.com/collections/mailers/products/eco-friendly-biodegradable-mailers-v4-white___br__/a__/p_.html]
[www.friendlymailer.com/collections/customize-it/products/POST.html]
[www.friendlymailer.com/collections/sample-packs/products/POST.html]
[www.friendlymailer.com/collections/sample-packs/products/_https_/www.friendlymailer.com/products/compostable-mailers_.html]
[www.friendlymailer.com/collections/sample-packs/products/_https_/www.friendlymailer.com/products/bubble-biodegradable-mailers_.html]
[www.friendlymailer.com/collections/sample-packs/products/_https_/www.friendlymailer.com/collections/mailers/products/plant-based-compostable-mailers_.html]
[www.friendlymailer.com/collections/clearance/products/POST.html]
[www.friendlymailer.com/products/_https_/www.friendlymailer.com/collections/mailers/products/eco-friendly-biodegradable-mailers-v4-white___br__/a__/p_.html]
[cdn.shopify.com/s/files/1/0272/4593/6745/t/14/assets/vendor6212.js]
[cdn.shopify.com/shopifycloud/shopify/assets/storefront/load_feature-ab38017af3cf759db0af0bbd1e75229f6a189f5bf1f2db42169630998b969021.js]
[cdn.shopify.com/s/files/1/0272/4593/6745/t/14/assets/theme.scssc6df.css]
[cdn.shopify.com/shopifycloud/shopify/assets/shopify_pay/storefront-c31d2fa4962d2ef90b673e945ee33f4f87302b97d0882cd8e83a629b84b30dabb805.js]
[cdn.shopify.com/s/files/1/0272/4593/6745/t/14/assets/themec705.js]
[cdn.shopify.com/shopifycloud/shopify/assets/storefront/features-87e8399988880142f2c62771b9d8f2ff6c290b3ff745dd426eb0dfe0db9d1dae.js]
[cdn.shopify.com/extensions/928e3a46-9877-4122-96c5-d5c7113bc53c/0.79.0/assets/lazysizes.js]
[cdn.shopify.com/extensions/928e3a46-9877-4122-96c5-d5c7113bc53c/0.79.0/assets/buddha-megamenu.js]
[cdn.shopify.com/shopifycloud/shopify/assets/shop_events_listener-65cd0ba3fcd81a1df33f2510ec5bcf8c0e0958653b50e3965ec972dd638ee13f.js]
[cdn.shopify.com/s/trekkie.storefront.959f71dbd7e992c48a2a5941c6de2c0cf3fc27c6.min.js]
[cdn.shopify.com/shopifycloud/boomerang/shopify-boomerang-1.0.0.min.js]
[cdn.shopify.com/extensions/928e3a46-9877-4122-96c5-d5c7113bc53c/0.79.0/assets/LivIconsEvo.bundle.js]
[www.friendlymailer.com/collections/all.atom]
[cdn.shopify.com/extensions/928e3a46-9877-4122-96c5-d5c7113bc53c/0.79.0/assets/buddha-megamenu2.css]
[www.friendlymailer.com/collections/all.oembed]
[cdn.shopify.com/extensions/928e3a46-9877-4122-96c5-d5c7113bc53c/0.79.0/assets/fontawesome.css]
[cdn.shopify.com/s/files/1/0272/4593/6745/files/5_2000x15e1.png]
[cdn.shopify.com/s/files/1/0272/4593/6745/files/black_emboss_ff3b6f4f-d998-4f2b-9a0b-8d112c148589_150xb5b7.png]
[cdn.shopify.com/s/files/1/0272/4593/6745/files/Friendly_Mailer_Aqua_1500x79cd.jpg]
[cdn.shopify.com/s/files/1/0272/4593/6745/t/14/assets/fa-brands-400.eot]
[cdn.shopify.com/s/files/1/0272/4593/6745/products/Lying23_600x600bfa1.png]
[cdn.shopify.com/s/files/1/0272/4593/6745/t/14/assets/fa-brands-400d41d.eot]
[cdn.shopify.com/s/files/1/0272/4593/6745/t/14/assets/fa-brands-400.woff2]
[cdn.shopify.com/s/files/1/0272/4593/6745/products/TopFront1_600x600d141.png]
[cdn.shopify.com/s/files/1/0272/4593/6745/products/Lying21_600x6002669.png]
[cdn.shopify.com/s/files/1/0272/4593/6745/products/Lying22_600x600d976.png]
[cdn.shopify.com/s/files/1/0272/4593/6745/t/14/assets/fa-brands-400.woff]
[www.friendlymailer.com/collections/mailers.atom]
[www.friendlymailer.com/collections/mailers.oembed]
[www.friendlymailer.com/collections/customize-it.atom]
[cdn.shopify.com/s/files/1/0272/4593/6745/products/tapemockup_7e4dcea5-a834-4706-af2d-57d218582935_600x6001f65.png]
[www.friendlymailer.com/collections/sample-packs.atom]
[www.friendlymailer.com/collections/customize-it.oembed]
[www.friendlymailer.com/collections/sample-packs.oembed]
[cdn.shopify.com/s/files/1/0272/4593/6745/t/14/assets/fa-brands-400.ttf]
[www.friendlymailer.com/collections/clearance.atom]
[www.friendlymailer.com/collections/clearance.oembed]
[cdn.shopify.com/shopifycloud/shopify/assets/themes_support/shopify_common-8ea6ac3faf357236a97f5de749df4da6e8436ca107bc3a4ee805cbf08bc47392.js]
[cdn.shopify.com/s/files/1/0272/4593/6745/t/14/assets/fa-brands-400.svg]
[cdn.shopify.com/s/files/1/0272/4593/6745/products/black_1024x10240048.png]
[cdn.shopify.com/s/files/1/0272/4593/6745/products/Lying2_1024x10240048.jpg]
[cdn.shopify.com/s/files/1/0272/4593/6745/products/Blue_1024x10240048.png]
[cdn.shopify.com/s/files/1/0272/4593/6745/t/14/assets/fa-regular-400.eot]
[cdn.shopify.com/s/files/1/0272/4593/6745/t/14/assets/fa-regular-400d41d.eot]
[www.friendlymailer.com/products/custom-mailer.oembed]
[cdn.shopify.com/s/files/1/0272/4593/6745/t/14/assets/fa-regular-400.woff2]
[cdn.shopify.com/s/files/1/0272/4593/6745/products/Blue_720x7200048.png]
[cdn.shopify.com/s/files/1/0272/4593/6745/products/black_720x7200048.png]
[cdn.shopify.com/s/files/1/0272/4593/6745/products/white_720x7200048.png]
[cdn.shopify.com/s/files/1/0272/4593/6745/products/green_720x7200048.png]
[cdn.shopify.com/s/files/1/0272/4593/6745/t/14/assets/fa-regular-400.woff]
[cdn.shopify.com/s/files/1/0272/4593/6745/products/pink_720x7200048.png]
[cdn.shopify.com/s/files/1/0272/4593/6745/products/red_720x7200048.png]
[cdn.shopify.com/s/files/1/0272/4593/6745/t/14/assets/fa-regular-400.ttf]
[cdn.shopify.com/s/files/1/0272/4593/6745/products/purple_720x7200048.png]
[www.friendlymailer.com/products/eco-friendly-mailer-sample-pack.oembed]
[cdn.shopify.com/s/files/1/0272/4593/6745/products/yellow_720x7200048.png]
[cdn.shopify.com/s/files/1/0272/4593/6745/t/14/assets/fa-regular-400.svg]
[cdn.shopify.com/s/files/1/0272/4593/6745/products/Lying23_1024x1024bfa1.png]
[cdn.shopify.com/s/files/1/0272/4593/6745/products/01_1024x102416eb.png]
[cdn.shopify.com/s/files/1/0272/4593/6745/products/newsample_720x7206f0d.jpg]
[www.friendlymailer.com/products/plant-based-compostable-mailers.oembed]
[cdn.shopify.com/s/files/1/0272/4593/6745/t/14/assets/fa-solid-900.eot]
[cdn.shopify.com/s/files/1/0272/4593/6745/products/01close_1024x102416eb.png]
[cdn.shopify.com/s/files/1/0272/4593/6745/products/Lying23_720x720bfa1.png]
[cdn.shopify.com/s/files/1/0272/4593/6745/t/14/assets/fa-solid-900d41d.eot]
[cdn.shopify.com/s/files/1/0272/4593/6745/products/01_720x72016eb.png]
[cdn.shopify.com/s/files/1/0272/4593/6745/products/01close_720x72016eb.png]
[cdn.shopify.com/s/files/1/0272/4593/6745/products/01close_200x20016eb.png]
[cdn.shopify.com/s/files/1/0272/4593/6745/t/14/assets/fa-solid-900.woff2]
[www.friendlymailer.com/products/bubble-biodegradable-mailers.oembed]
[cdn.shopify.com/s/files/1/0272/4593/6745/products/TopFront1_1024x1024d141.png]
[cdn.shopify.com/s/files/1/0272/4593/6745/products/productbreatheeasyfront_1024x1024d141.png]
[cdn.shopify.com/s/files/1/0272/4593/6745/products/productbreatheeasyback_1024x1024d141.png]
[cdn.shopify.com/s/files/1/0272/4593/6745/products/TopFront1_720x720d141.png]
[cdn.shopify.com/s/files/1/0272/4593/6745/products/productbreatheeasyfront_720x720d141.png]
[cdn.shopify.com/s/files/1/0272/4593/6745/products/productbreatheeasyback_720x720d141.png]
[cdn.shopify.com/s/files/1/0272/4593/6745/t/14/assets/fa-solid-900.woff]
[www.friendlymailer.com/products/eco-friendly-biodegradable-mailers-blue.oembed]
[cdn.shopify.com/s/files/1/0272/4593/6745/products/Lying21_1024x10242669.png]
[cdn.shopify.com/s/files/1/0272/4593/6745/products/image_a854e1d7-d53e-4832-84dd-72723d94f165_1024x10242669.png]
[cdn.shopify.com/s/files/1/0272/4593/6745/products/Lying21_720x7202669.png]
[cdn.shopify.com/s/files/1/0272/4593/6745/t/14/assets/fa-solid-900.ttf]
[cdn.shopify.com/s/files/1/0272/4593/6745/products/Lying22_1024x1024d976.png]
[cdn.shopify.com/s/files/1/0272/4593/6745/products/v4product_1024x1024d976.png]
[cdn.shopify.com/s/files/1/0272/4593/6745/t/14/assets/fa-all.min9c47.css]
[cdn.shopify.com/s/files/1/0272/4593/6745/products/image_a854e1d7-d53e-4832-84dd-72723d94f165_720x7202669.png]
[www.friendlymailer.com/products/eco-friendly-biodegradable-mailers-v4-white.oembed]
[cdn.shopify.com/s/files/1/0272/4593/6745/t/14/assets/fa-solid-900.svg]
[cdn.shopify.com/s/files/1/0272/4593/6745/products/Lying22_720x720d976.png]
[cdn.shopify.com/s/files/1/0272/4593/6745/products/breatheasyproductimg2_6ba5600a-c23c-4dda-86f5-e4d90347ba01_1024x1024d976.png]
[cdn.shopify.com/s/files/1/0272/4593/6745/products/v4product_720x720d976.png]
[cdn.shopify.com/s/files/1/0272/4593/6745/products/breatheasyproductimg2_6ba5600a-c23c-4dda-86f5-e4d90347ba01_720x720d976.png]
[cdn.shopify.com/s/files/1/0272/4593/6745/products/Lying22_200x200d976.png]
[cdn.shopify.com/s/files/1/0272/4593/6745/products/breatheasyproductimg2_6ba5600a-c23c-4dda-86f5-e4d90347ba01_200x200d976.png]
[www.friendlymailer.com/products/eco-friendly-biodegradable-mailers-black.oembed]
[cdn.shopify.com/s/files/1/0272/4593/6745/products/Lying2_1024x10249677.png]
[cdn.shopify.com/s/files/1/0272/4593/6745/products/ecopackfrontLying_1024x10249677.png]
[cdn.shopify.com/s/files/1/0272/4593/6745/products/ecopackproductback_1024x10249677.png]
[cdn.shopify.com/s/files/1/0272/4593/6745/products/Lying2_720x7209677.png]
[www.friendlymailer.com/products/biodegradable-friendly-tape.oembed]
[cdn.shopify.com/s/files/1/0272/4593/6745/products/ecopackfrontLying_720x7209677.png]
[cdn.shopify.com/s/files/1/0272/4593/6745/products/ecopackproductback_720x7209677.png]
[www.friendlymailer.com/products/custom-stickers.oembed]
[cdn1.stamped.io/files/widget.min.css]
[cdn.shopify.com/s/files/1/0272/4593/6745/products/tapemockup_7e4dcea5-a834-4706-af2d-57d218582935_1024x10241f65.png]
[cdn.shopify.com/s/files/1/0272/4593/6745/products/tapemockup_7e4dcea5-a834-4706-af2d-57d218582935_720x7201f65.png]
[cdn.shopify.com/s/files/1/0272/4593/6745/t/14/assets/fa-brands-400d41d.eot]
[cdn.shopify.com/s/files/1/0272/4593/6745/t/14/assets/fa-regular-400.eot]
[cdn.shopify.com/s/files/1/0272/4593/6745/t/14/assets/fa-regular-400d41d.eot]
[cdn.shopify.com/s/files/1/0272/4593/6745/products/1_1024x1024988a.jpg]
[cdn.shopify.com/s/files/1/0272/4593/6745/t/14/assets/fa-solid-900.eot]
[cdn.shopify.com/s/files/1/0272/4593/6745/t/14/assets/fa-solid-900d41d.eot]
[cdn.shopify.com/s/files/1/0272/4593/6745/t/14/assets/fa-brands-400.woff2]
[cdn.shopify.com/s/files/1/0272/4593/6745/t/14/assets/fa-regular-400.woff]
[cdn.shopify.com/s/files/1/0272/4593/6745/t/14/assets/fa-regular-400.ttf]
[cdn.shopify.com/s/files/1/0272/4593/6745/t/14/assets/fa-solid-900.woff]
[cdn.shopify.com/s/files/1/0272/4593/6745/t/14/assets/fa-solid-900.ttf]
[cdn.shopify.com/s/files/1/0272/4593/6745/t/14/assets/fa-brands-400.svg]
[cdn.shopify.com/s/files/1/0272/4593/6745/t/14/assets/fa-regular-400.svg]
[cdn.shopify.com/s/files/1/0272/4593/6745/t/14/assets/fa-solid-900.svg]
[www.friendlymailer.com/cart.html]
[www.friendlymailer.com/collections/all.html]
[www.friendlymailer.com/products/custom-mailer.html]
[www.friendlymailer.com/products/eco-friendly-mailer-sample-pack.html]
[www.friendlymailer.com/collections/POST.html]
[www.friendlymailer.com/collections/all/products/bubble-biodegradable-mailers.html]
[www.friendlymailer.com/collections/all/products/eco-friendly-biodegradable-mailers-blue.html]
[www.friendlymailer.com/collections/all/products/eco-friendly-biodegradable-mailers-v4-white.html]
[www.friendlymailer.com/collections/all/products/eco-friendly-biodegradable-mailers-black.html]
[www.friendlymailer.com/collections/all/products/custom-mailer.html]
[www.friendlymailer.com/collections/mailers/products/plant-based-compostable-mailers.html]
[www.friendlymailer.com/collections/customize-it/products/custom-mailer.html]
[www.friendlymailer.com/collections/sample-packs/products/eco-friendly-mailer-sample-pack.html]
[www.friendlymailer.com/collections/clearance/products/plant-based-compostable-mailers.html]
[www.friendlymailer.com/account/POST.html]
[www.friendlymailer.com/products/POST.html]
[www.friendlymailer.com/products/compostable-mailers.html]
[www.friendlymailer.com/collections/all/products/POST.html]
[www.friendlymailer.com/products/eco-friendly-biodegradable-mailers-black.html]
[www.friendlymailer.com/products/custom-stickers.html]
